STAR version=2.7.11b
STAR compilation time,server,dir=2024-11-25T09:14:51+0000 :/opt/conda/conda-bld/star_1732525954305/work/source
##### Command Line:
/home/pabloati/miniforge3/envs/sqanti3/bin/STAR-avx2 --runThreadN 4 --genomeDir example/QC_reference/STAR_index/ --readFilesIn data/short_reads/UHR_Rep2_chr22.R1.fastq.gz data/short_reads/UHR_Rep2_chr22.R2.fastq.gz --outFileNamePrefix example/QC_reference/STAR_mapping/UHR_Rep2_chr22 --alignSJoverhangMin 8 --alignSJDBoverhangMin 1 --outFilterType BySJout --outSAMunmapped Within --outFilterMultimapNmax 20 --outFilterMismatchNoverLmax 0.04 --outFilterMismatchNmax 999 --alignIntronMin 20 --alignIntronMax 1000000 --alignMatesGapMax 1000000 --sjdbScore 1 --genomeLoad NoSharedMemory --outSAMtype BAM SortedByCoordinate --twopassMode Basic --readFilesCommand zcat
##### Initial USER parameters from Command Line:
outFileNamePrefix                 example/QC_reference/STAR_mapping/UHR_Rep2_chr22
###### All USER parameters from Command Line:
runThreadN                    4     ~RE-DEFINED
genomeDir                     example/QC_reference/STAR_index/     ~RE-DEFINED
readFilesIn                   data/short_reads/UHR_Rep2_chr22.R1.fastq.gz   data/short_reads/UHR_Rep2_chr22.R2.fastq.gz        ~RE-DEFINED
outFileNamePrefix             example/QC_reference/STAR_mapping/UHR_Rep2_chr22     ~RE-DEFINED
alignSJoverhangMin            8     ~RE-DEFINED
alignSJDBoverhangMin          1     ~RE-DEFINED
outFilterType                 BySJout     ~RE-DEFINED
outSAMunmapped                Within        ~RE-DEFINED
outFilterMultimapNmax         20     ~RE-DEFINED
outFilterMismatchNoverLmax    0.04     ~RE-DEFINED
outFilterMismatchNmax         999     ~RE-DEFINED
alignIntronMin                20     ~RE-DEFINED
alignIntronMax                1000000     ~RE-DEFINED
alignMatesGapMax              1000000     ~RE-DEFINED
sjdbScore                     1     ~RE-DEFINED
genomeLoad                    NoSharedMemory     ~RE-DEFINED
outSAMtype                    BAM   SortedByCoordinate        ~RE-DEFINED
twopassMode                   Basic     ~RE-DEFINED
readFilesCommand              zcat        ~RE-DEFINED
##### Finished reading parameters from all sources

##### Final user re-defined parameters-----------------:
runThreadN                        4
genomeDir                         example/QC_reference/STAR_index/
genomeLoad                        NoSharedMemory
readFilesIn                       data/short_reads/UHR_Rep2_chr22.R1.fastq.gz   data/short_reads/UHR_Rep2_chr22.R2.fastq.gz   
readFilesCommand                  zcat   
outFileNamePrefix                 example/QC_reference/STAR_mapping/UHR_Rep2_chr22
outSAMtype                        BAM   SortedByCoordinate   
outSAMunmapped                    Within   
outFilterType                     BySJout
outFilterMultimapNmax             20
outFilterMismatchNmax             999
outFilterMismatchNoverLmax        0.04
alignIntronMin                    20
alignIntronMax                    1000000
alignMatesGapMax                  1000000
alignSJoverhangMin                8
alignSJDBoverhangMin              1
sjdbScore                         1
twopassMode                       Basic

-------------------------------
##### Final effective command line:
/home/pabloati/miniforge3/envs/sqanti3/bin/STAR-avx2   --runThreadN 4   --genomeDir example/QC_reference/STAR_index/   --genomeLoad NoSharedMemory   --readFilesIn data/short_reads/UHR_Rep2_chr22.R1.fastq.gz   data/short_reads/UHR_Rep2_chr22.R2.fastq.gz      --readFilesCommand zcat      --outFileNamePrefix example/QC_reference/STAR_mapping/UHR_Rep2_chr22   --outSAMtype BAM   SortedByCoordinate      --outSAMunmapped Within      --outFilterType BySJout   --outFilterMultimapNmax 20   --outFilterMismatchNmax 999   --outFilterMismatchNoverLmax 0.04   --alignIntronMin 20   --alignIntronMax 1000000   --alignMatesGapMax 1000000   --alignSJoverhangMin 8   --alignSJDBoverhangMin 1   --sjdbScore 1   --twopassMode Basic
----------------------------------------

Number of fastq files for each mate = 1

   Input read files for mate 1 :
-rwxrwxr-x 1 pabloati pabloati 10137426 abr 30  2025 data/short_reads/UHR_Rep2_chr22.R1.fastq.gz

   readsCommandsFile:
exec > "example/QC_reference/STAR_mapping/UHR_Rep2_chr22_STARtmp/tmp.fifo.read1"
echo FILE 0
zcat      "data/short_reads/UHR_Rep2_chr22.R1.fastq.gz"


   Input read files for mate 2 :
-rwxrwxr-x 1 pabloati pabloati 10731212 abr 30  2025 data/short_reads/UHR_Rep2_chr22.R2.fastq.gz

   readsCommandsFile:
exec > "example/QC_reference/STAR_mapping/UHR_Rep2_chr22_STARtmp/tmp.fifo.read2"
echo FILE 0
zcat      "data/short_reads/UHR_Rep2_chr22.R2.fastq.gz"

ParametersSolo: --soloCellFilterType CellRanger2.2 filtering parameters:  3000 0.99 10
WARNING: --limitBAMsortRAM=0, will use genome size as RAM limit for BAM sorting
Finished loading and checking parameters
Reading genome generation parameters:
### /home/pabloati/miniforge3/envs/sqanti3/bin/STAR-avx2   --runMode genomeGenerate      --runThreadN 4   --genomeDir example/QC_reference/STAR_index/   --genomeFastaFiles data/reference/GRCh38.p13_chr22.fasta      --outTmpDir example/QC_reference/STAR_index//_STARtmp/
### GstrandBit=32
versionGenome                 2.7.4a     ~RE-DEFINED
genomeType                    Full     ~RE-DEFINED
genomeFastaFiles              data/reference/GRCh38.p13_chr22.fasta        ~RE-DEFINED
genomeSAindexNbases           14     ~RE-DEFINED
genomeChrBinNbits             18     ~RE-DEFINED
genomeSAsparseD               1     ~RE-DEFINED
genomeTransformType           None     ~RE-DEFINED
genomeTransformVCF            -     ~RE-DEFINED
sjdbOverhang                  0     ~RE-DEFINED
sjdbFileChrStartEnd           -        ~RE-DEFINED
sjdbGTFfile                   -     ~RE-DEFINED
sjdbGTFchrPrefix              -     ~RE-DEFINED
sjdbGTFfeatureExon            exon     ~RE-DEFINED
sjdbGTFtagExonParentTranscripttranscript_id     ~RE-DEFINED
sjdbGTFtagExonParentGene      gene_id     ~RE-DEFINED
sjdbInsertSave                Basic     ~RE-DEFINED
genomeFileSizes               50855936   323068164        ~RE-DEFINED
Genome version is compatible with current STAR
Number of real (reference) chromosomes= 1
1	chr22	50818468	0
Started loading the genome: Thu Jan 29 15:16:07 2026

Genome: size given as a parameter = 50855936
SA: size given as a parameter = 323068164
SAindex: size given as a parameter = 1
Read from SAindex: pGe.gSAindexNbases=14  nSAi=357913940
nGenome=50855936;  nSAbyte=323068164
GstrandBit=32   SA number of indices=78319554
Shared memory is not used for genomes. Allocated a private copy of the genome.
Genome file size: 50855936 bytes; state: good=1 eof=0 fail=0 bad=0
Loading Genome ... done! state: good=1 eof=0 fail=0 bad=0; loaded 50855936 bytes
SA file size: 323068164 bytes; state: good=1 eof=0 fail=0 bad=0
Loading SA ... done! state: good=1 eof=0 fail=0 bad=0; loaded 323068164 bytes
Loading SAindex ... done: 1565873619 bytes
Finished loading the genome: Thu Jan 29 15:16:08 2026

To accommodate alignIntronMax=1000000 redefined winBinNbits=18
To accommodate alignIntronMax=1000000 and alignMatesGapMax=1000000, redefined winFlankNbins=4 and winAnchorDistNbins=8
Opening the file: example/QC_reference/STAR_mapping/UHR_Rep2_chr22_STARtmp//FilterBySJoutFiles.mate1.thread0 ... ok
Opening the file: example/QC_reference/STAR_mapping/UHR_Rep2_chr22_STARtmp//FilterBySJoutFiles.mate2.thread0 ... ok
Opening the file: example/QC_reference/STAR_mapping/UHR_Rep2_chr22_STARtmp//FilterBySJoutFiles.mate1.thread1 ... ok
Opening the file: example/QC_reference/STAR_mapping/UHR_Rep2_chr22_STARtmp//FilterBySJoutFiles.mate2.thread1 ... ok
Opening the file: example/QC_reference/STAR_mapping/UHR_Rep2_chr22_STARtmp//FilterBySJoutFiles.mate1.thread2 ... ok
Opening the file: example/QC_reference/STAR_mapping/UHR_Rep2_chr22_STARtmp//FilterBySJoutFiles.mate2.thread2 ... ok
Opening the file: example/QC_reference/STAR_mapping/UHR_Rep2_chr22_STARtmp//FilterBySJoutFiles.mate1.thread3 ... ok
Opening the file: example/QC_reference/STAR_mapping/UHR_Rep2_chr22_STARtmp//FilterBySJoutFiles.mate2.thread3 ... ok
Created thread # 1
Created thread # 2
Starting to map file # 0
mate 1:   data/short_reads/UHR_Rep2_chr22.R1.fastq.gz
mate 2:   data/short_reads/UHR_Rep2_chr22.R2.fastq.gz
Created thread # 3
Thread #3 end of input stream, nextChar=-1
Completed: thread #0
Completed: thread #1
Joined thread # 1
Completed: thread #3
Completed: thread #2
Joined thread # 2
Joined thread # 3
Jan 29 15:16:40   Loaded database junctions from the 1st pass file: example/QC_reference/STAR_mapping/UHR_Rep2_chr22_STARpass1//SJ.out.tab: 3188 total junctions

Jan 29 15:16:40   Finished preparing junctions
Jan 29 15:16:40 ..... inserting junctions into the genome indices
Jan 29 15:16:43   Finished SA search: number of new junctions=3188, old junctions=0
Jan 29 15:16:43   Finished sorting SA indicesL nInd=1275200
Genome size with junctions=51496724  50855936   640788
GstrandBit1=32   GstrandBit=32
Jan 29 15:16:45   Finished inserting junction indices
Jan 29 15:16:51   Finished SAi
Jan 29 15:16:51 ..... finished inserting junctions into genome

   Input read files for mate 1 :
-rwxrwxr-x 1 pabloati pabloati 10137426 abr 30  2025 data/short_reads/UHR_Rep2_chr22.R1.fastq.gz

   readsCommandsFile:
exec > "example/QC_reference/STAR_mapping/UHR_Rep2_chr22_STARtmp/tmp.fifo.read1"
echo FILE 0
zcat      "data/short_reads/UHR_Rep2_chr22.R1.fastq.gz"


   Input read files for mate 2 :
-rwxrwxr-x 1 pabloati pabloati 10731212 abr 30  2025 data/short_reads/UHR_Rep2_chr22.R2.fastq.gz

   readsCommandsFile:
exec > "example/QC_reference/STAR_mapping/UHR_Rep2_chr22_STARtmp/tmp.fifo.read2"
echo FILE 0
zcat      "data/short_reads/UHR_Rep2_chr22.R2.fastq.gz"

Opening the file: example/QC_reference/STAR_mapping/UHR_Rep2_chr22_STARtmp//FilterBySJoutFiles.mate1.thread0 ... ok
Opening the file: example/QC_reference/STAR_mapping/UHR_Rep2_chr22_STARtmp//FilterBySJoutFiles.mate2.thread0 ... ok
Opening the file: example/QC_reference/STAR_mapping/UHR_Rep2_chr22_STARtmp//FilterBySJoutFiles.mate1.thread1 ... ok
Opening the file: example/QC_reference/STAR_mapping/UHR_Rep2_chr22_STARtmp//FilterBySJoutFiles.mate2.thread1 ... ok
Opening the file: example/QC_reference/STAR_mapping/UHR_Rep2_chr22_STARtmp//FilterBySJoutFiles.mate1.thread2 ... ok
Opening the file: example/QC_reference/STAR_mapping/UHR_Rep2_chr22_STARtmp//FilterBySJoutFiles.mate2.thread2 ... ok
Opening the file: example/QC_reference/STAR_mapping/UHR_Rep2_chr22_STARtmp//FilterBySJoutFiles.mate1.thread3 ... ok
Opening the file: example/QC_reference/STAR_mapping/UHR_Rep2_chr22_STARtmp//FilterBySJoutFiles.mate2.thread3 ... ok
Created thread # 1
Created thread # 2
Created thread # 3
Starting to map file # 0
mate 1:   data/short_reads/UHR_Rep2_chr22.R1.fastq.gz
mate 2:   data/short_reads/UHR_Rep2_chr22.R2.fastq.gz
Thread #0 end of input stream, nextChar=-1
Completed: thread #3
Completed: thread #2
Completed: thread #0
Completed: thread #1
Joined thread # 1
Joined thread # 2
Joined thread # 3
Completed stage 1 mapping of outFilterBySJout mapping
Detected 0 novel junctions that passed filtering, will proceed to filter reads that contained unannotated junctions
Created thread # 1
Created thread # 2
Created thread # 3
BAM sorting: Completed: thread #p mapped reads
BAM sorting bins genomic start loci:
3
BAM sorting: Completed: thread #p mapped reads
BAM sorting bins genomic start loci:
3
1	0	0
2	0	0
3	0	0
4	0	0
5	0	0
6	0	0
7	0	0
8	0	0
9	0	0
10	0	0
11	0	0
12	0	0
13	0	0
14	0	0
15	0	0
16	0	0
17	0	0
18	0	0
19	0	0
20	0	0
21	0	0
22	0	0
23	0	0
24	0	0
25	0	0
26	0	0
27	0	0
28	0	0
29	0	0
30	0	0
31	0	0
32	0	0
33	0	0
34	0	0
35	0	0
36	0	0
37	0	0
38	0	0
39	0	0
40	0	0
41	0	0
42	0	0
43	0	0
44	0	0
45	0	0
46	0	0
47	0	0
48	0	0
Completed: thread #0
Completed: thread #1
Joined thread # 1
Completed: thread #2
Joined thread # 2
Joined thread # 3
Jan 29 15:17:22 ..... finished mapping
RAM after mapping:
VmPeak:	 5113468 kB; VmSize:	 5060732 kB; VmHWM:	 3229488 kB; VmRSS:	 3179064 kB; 
RAM after freeing genome index memory:
VmPeak:	 5113468 kB; VmSize:	 1350716 kB; VmHWM:	 3229488 kB; VmRSS:	  963460 kB; 
Jan 29 15:17:22 ..... started sorting BAM
Max memory needed for sorting = 50330960
ALL DONE!
