[INFO:2025-06-20 10:08:17,344] Write arguments to /home/pabloati/Programs/sqanti3/example/SQANTI3_QC_reference/gencode.v38.basic_chr22.qc_params.txt...
[INFO:2025-06-20 10:08:17,345] Initialising QC pipeline.
[INFO:2025-06-20 10:08:17,345] Parsing provided files
[INFO:2025-06-20 10:08:17,345] Reading genome fasta data/reference/GRCh38.p13_chr22.fasta
[INFO:2025-06-20 10:08:17,525] **** Correcting sequences
[INFO:2025-06-20 10:08:17,525] Correcting fasta
[INFO:2025-06-20 10:08:17,525] Skipping aligning of sequences because GTF file was provided.
[INFO:2025-06-20 10:08:17,577] Indels will be not calculated since you ran SQANTI3 without alignment step (SQANTI3 with gtf format as transcriptome input).
[INFO:2025-06-20 10:08:17,806] **** Predicting ORF sequences...
[INFO:2025-06-20 10:08:17,807] Running ORF prediction on /home/pabloati/Programs/sqanti3/example/SQANTI3_QC_reference/gencode.v38.basic_chr22_corrected.fasta
[INFO:2025-06-20 10:08:17,807] Running TD2 ORF search on /home/pabloati/Programs/sqanti3/example/SQANTI3_QC_reference/gencode.v38.basic_chr22_corrected.fasta...
[INFO:2025-06-20 10:08:41,259] **** Parsing Reference Transcriptome....
[INFO:2025-06-20 10:08:41,617] **** Parsing Isoforms.
[INFO:2025-06-20 10:08:41,641] **** Running STAR for calculating Short-Read Coverage.
[INFO:2025-06-20 10:08:41,641] ** Running indexing.
[INFO:2025-06-20 10:09:30,901] Indexing done.
[INFO:2025-06-20 10:09:30,901] ** Running mapping.
[INFO:2025-06-20 10:09:30,901] Mapping for UHR_Rep1_chr22: in progress.
[INFO:2025-06-20 10:10:55,995] Mapping for UHR_Rep1_chr22: done.
[INFO:2025-06-20 10:10:55,995] Mapping for UHR_Rep2_chr22: in progress.
[INFO:2025-06-20 10:12:01,861] Mapping for UHR_Rep2_chr22: done.
[INFO:2025-06-20 10:12:01,861] Input pattern: example/SQANTI3_QC_reference/STAR_mapping/.
The following files found and to be read as junctions:
example/SQANTI3_QC_reference/STAR_mapping/UHR_Rep2_chr22SJ.out.tab
example/SQANTI3_QC_reference/STAR_mapping/UHR_Rep1_chr22SJ.out.tab
[INFO:2025-06-20 10:12:01,915] 6762 junctions read. 2 junctions added to both strands because no strand information from STAR.
[INFO:2025-06-20 10:12:01,915] **** Running calculation of TSS ratio
[INFO:2025-06-20 10:12:02,055] BAM files identified: ['example/SQANTI3_QC_reference/STAR_mapping/UHR_Rep2_chr22Aligned.sortedByCoord.out.bam', 'example/SQANTI3_QC_reference/STAR_mapping/UHR_Rep1_chr22Aligned.sortedByCoord.out.bam']
[INFO:2025-06-20 10:12:03,683] **** Reading CAGE Peak data.
[INFO:2025-06-20 10:12:04,287] **** Reading PolyA motif list.
[INFO:2025-06-20 10:12:04,287] **** Performing Classification of Isoforms
[INFO:2025-06-20 10:12:07,947] Number of classified isoforms: 2428
[INFO:2025-06-20 10:12:07,951] After classify fsm: 2428
[INFO:2025-06-20 10:12:07,951] Full-length read abundance files not provided.
[INFO:2025-06-20 10:12:07,951] RT-switching computation
[INFO:2025-06-20 10:12:08,075] After RTS classificaion: 2428
[INFO:2025-06-20 10:12:08,075] **** Adding TSS ratio data.
[INFO:2025-06-20 10:12:08,077] **** Running Kallisto to calculate isoform expressions. 
[INFO:2025-06-20 10:12:08,077] Running kallisto index example/SQANTI3_QC_reference/kallisto_output/kallisto_corrected_fasta.idx using as reference /home/pabloati/Programs/sqanti3/example/SQANTI3_QC_reference/gencode.v38.basic_chr22_corrected.fasta
[INFO:2025-06-20 10:12:13,660] ** Running Kallisto quantification for UHR_Rep1_chr22 sample
[INFO:2025-06-20 10:12:15,667] ** Running Kallisto quantification for UHR_Rep2_chr22 sample
[INFO:2025-06-20 10:12:17,480] Detected Kallisto expression format. Using 'target_id' and 'tpm' field.
[INFO:2025-06-20 10:12:17,484] Detected Kallisto expression format. Using 'target_id' and 'tpm' field.
[INFO:2025-06-20 10:12:17,571] Writing output files
[INFO:2025-06-20 10:12:18,010] Removing temporary files.
[INFO:2025-06-20 10:12:18,010] SQANTI3 complete in 240.66567383904476 sec.
