STAR version=2.7.11b
STAR compilation time,server,dir=2024-11-25T09:14:51+0000 :/opt/conda/conda-bld/star_1732525954305/work/source
##### Command Line:
/home/pabloati/miniforge3/envs/sqanti3/bin/STAR-avx2 --runThreadN 4 --genomeDir example/sqanti3_qc_isoforms/STAR_index/ --readFilesIn data/short_reads/UHR_Rep1_chr22.R1.fastq.gz data/short_reads/UHR_Rep1_chr22.R2.fastq.gz --outFileNamePrefix example/sqanti3_qc_isoforms/STAR_mapping/UHR_Rep1_chr22 --alignSJoverhangMin 8 --alignSJDBoverhangMin 1 --outFilterType BySJout --outSAMunmapped Within --outFilterMultimapNmax 20 --outFilterMismatchNoverLmax 0.04 --outFilterMismatchNmax 999 --alignIntronMin 20 --alignIntronMax 1000000 --alignMatesGapMax 1000000 --sjdbScore 1 --genomeLoad NoSharedMemory --outSAMtype BAM SortedByCoordinate --twopassMode Basic --readFilesCommand zcat
##### Initial USER parameters from Command Line:
outFileNamePrefix                 example/sqanti3_qc_isoforms/STAR_mapping/UHR_Rep1_chr22
###### All USER parameters from Command Line:
runThreadN                    4     ~RE-DEFINED
genomeDir                     example/sqanti3_qc_isoforms/STAR_index/     ~RE-DEFINED
readFilesIn                   data/short_reads/UHR_Rep1_chr22.R1.fastq.gz   data/short_reads/UHR_Rep1_chr22.R2.fastq.gz        ~RE-DEFINED
outFileNamePrefix             example/sqanti3_qc_isoforms/STAR_mapping/UHR_Rep1_chr22     ~RE-DEFINED
alignSJoverhangMin            8     ~RE-DEFINED
alignSJDBoverhangMin          1     ~RE-DEFINED
outFilterType                 BySJout     ~RE-DEFINED
outSAMunmapped                Within        ~RE-DEFINED
outFilterMultimapNmax         20     ~RE-DEFINED
outFilterMismatchNoverLmax    0.04     ~RE-DEFINED
outFilterMismatchNmax         999     ~RE-DEFINED
alignIntronMin                20     ~RE-DEFINED
alignIntronMax                1000000     ~RE-DEFINED
alignMatesGapMax              1000000     ~RE-DEFINED
sjdbScore                     1     ~RE-DEFINED
genomeLoad                    NoSharedMemory     ~RE-DEFINED
outSAMtype                    BAM   SortedByCoordinate        ~RE-DEFINED
twopassMode                   Basic     ~RE-DEFINED
readFilesCommand              zcat        ~RE-DEFINED
##### Finished reading parameters from all sources

##### Final user re-defined parameters-----------------:
runThreadN                        4
genomeDir                         example/sqanti3_qc_isoforms/STAR_index/
genomeLoad                        NoSharedMemory
readFilesIn                       data/short_reads/UHR_Rep1_chr22.R1.fastq.gz   data/short_reads/UHR_Rep1_chr22.R2.fastq.gz   
readFilesCommand                  zcat   
outFileNamePrefix                 example/sqanti3_qc_isoforms/STAR_mapping/UHR_Rep1_chr22
outSAMtype                        BAM   SortedByCoordinate   
outSAMunmapped                    Within   
outFilterType                     BySJout
outFilterMultimapNmax             20
outFilterMismatchNmax             999
outFilterMismatchNoverLmax        0.04
alignIntronMin                    20
alignIntronMax                    1000000
alignMatesGapMax                  1000000
alignSJoverhangMin                8
alignSJDBoverhangMin              1
sjdbScore                         1
twopassMode                       Basic

-------------------------------
##### Final effective command line:
/home/pabloati/miniforge3/envs/sqanti3/bin/STAR-avx2   --runThreadN 4   --genomeDir example/sqanti3_qc_isoforms/STAR_index/   --genomeLoad NoSharedMemory   --readFilesIn data/short_reads/UHR_Rep1_chr22.R1.fastq.gz   data/short_reads/UHR_Rep1_chr22.R2.fastq.gz      --readFilesCommand zcat      --outFileNamePrefix example/sqanti3_qc_isoforms/STAR_mapping/UHR_Rep1_chr22   --outSAMtype BAM   SortedByCoordinate      --outSAMunmapped Within      --outFilterType BySJout   --outFilterMultimapNmax 20   --outFilterMismatchNmax 999   --outFilterMismatchNoverLmax 0.04   --alignIntronMin 20   --alignIntronMax 1000000   --alignMatesGapMax 1000000   --alignSJoverhangMin 8   --alignSJDBoverhangMin 1   --sjdbScore 1   --twopassMode Basic
----------------------------------------

Number of fastq files for each mate = 1

   Input read files for mate 1 :
-rwxrwxr-x 1 pabloati pabloati 13750037 abr 30  2025 data/short_reads/UHR_Rep1_chr22.R1.fastq.gz

   readsCommandsFile:
exec > "example/sqanti3_qc_isoforms/STAR_mapping/UHR_Rep1_chr22_STARtmp/tmp.fifo.read1"
echo FILE 0
zcat      "data/short_reads/UHR_Rep1_chr22.R1.fastq.gz"


   Input read files for mate 2 :
-rwxrwxr-x 1 pabloati pabloati 14774508 abr 30  2025 data/short_reads/UHR_Rep1_chr22.R2.fastq.gz

   readsCommandsFile:
exec > "example/sqanti3_qc_isoforms/STAR_mapping/UHR_Rep1_chr22_STARtmp/tmp.fifo.read2"
echo FILE 0
zcat      "data/short_reads/UHR_Rep1_chr22.R2.fastq.gz"

ParametersSolo: --soloCellFilterType CellRanger2.2 filtering parameters:  3000 0.99 10
WARNING: --limitBAMsortRAM=0, will use genome size as RAM limit for BAM sorting
Finished loading and checking parameters
Reading genome generation parameters:
### /home/pabloati/miniforge3/envs/sqanti3/bin/STAR-avx2   --runMode genomeGenerate      --runThreadN 4   --genomeDir example/sqanti3_qc_isoforms/STAR_index/   --genomeFastaFiles data/reference/GRCh38.p13_chr22.fasta      --outTmpDir example/sqanti3_qc_isoforms/STAR_index//_STARtmp/
### GstrandBit=32
versionGenome                 2.7.4a     ~RE-DEFINED
genomeType                    Full     ~RE-DEFINED
genomeFastaFiles              data/reference/GRCh38.p13_chr22.fasta        ~RE-DEFINED
genomeSAindexNbases           14     ~RE-DEFINED
genomeChrBinNbits             18     ~RE-DEFINED
genomeSAsparseD               1     ~RE-DEFINED
genomeTransformType           None     ~RE-DEFINED
genomeTransformVCF            -     ~RE-DEFINED
sjdbOverhang                  0     ~RE-DEFINED
sjdbFileChrStartEnd           -        ~RE-DEFINED
sjdbGTFfile                   -     ~RE-DEFINED
sjdbGTFchrPrefix              -     ~RE-DEFINED
sjdbGTFfeatureExon            exon     ~RE-DEFINED
sjdbGTFtagExonParentTranscripttranscript_id     ~RE-DEFINED
sjdbGTFtagExonParentGene      gene_id     ~RE-DEFINED
sjdbInsertSave                Basic     ~RE-DEFINED
genomeFileSizes               50855936   323068164        ~RE-DEFINED
Genome version is compatible with current STAR
Number of real (reference) chromosomes= 1
1	chr22	50818468	0
Started loading the genome: Thu Jan 29 13:55:55 2026

Genome: size given as a parameter = 50855936
SA: size given as a parameter = 323068164
SAindex: size given as a parameter = 1
Read from SAindex: pGe.gSAindexNbases=14  nSAi=357913940
nGenome=50855936;  nSAbyte=323068164
GstrandBit=32   SA number of indices=78319554
Shared memory is not used for genomes. Allocated a private copy of the genome.
Genome file size: 50855936 bytes; state: good=1 eof=0 fail=0 bad=0
Loading Genome ... done! state: good=1 eof=0 fail=0 bad=0; loaded 50855936 bytes
SA file size: 323068164 bytes; state: good=1 eof=0 fail=0 bad=0
Loading SA ... done! state: good=1 eof=0 fail=0 bad=0; loaded 323068164 bytes
Loading SAindex ... done: 1565873619 bytes
Finished loading the genome: Thu Jan 29 13:55:55 2026

To accommodate alignIntronMax=1000000 redefined winBinNbits=18
To accommodate alignIntronMax=1000000 and alignMatesGapMax=1000000, redefined winFlankNbins=4 and winAnchorDistNbins=8
Opening the file: example/sqanti3_qc_isoforms/STAR_mapping/UHR_Rep1_chr22_STARtmp//FilterBySJoutFiles.mate1.thread0 ... ok
Opening the file: example/sqanti3_qc_isoforms/STAR_mapping/UHR_Rep1_chr22_STARtmp//FilterBySJoutFiles.mate2.thread0 ... ok
Opening the file: example/sqanti3_qc_isoforms/STAR_mapping/UHR_Rep1_chr22_STARtmp//FilterBySJoutFiles.mate1.thread1 ... ok
Opening the file: example/sqanti3_qc_isoforms/STAR_mapping/UHR_Rep1_chr22_STARtmp//FilterBySJoutFiles.mate2.thread1 ... ok
Opening the file: example/sqanti3_qc_isoforms/STAR_mapping/UHR_Rep1_chr22_STARtmp//FilterBySJoutFiles.mate1.thread2 ... ok
Opening the file: example/sqanti3_qc_isoforms/STAR_mapping/UHR_Rep1_chr22_STARtmp//FilterBySJoutFiles.mate2.thread2 ... ok
Opening the file: example/sqanti3_qc_isoforms/STAR_mapping/UHR_Rep1_chr22_STARtmp//FilterBySJoutFiles.mate1.thread3 ... ok
Opening the file: example/sqanti3_qc_isoforms/STAR_mapping/UHR_Rep1_chr22_STARtmp//FilterBySJoutFiles.mate2.thread3 ... ok
Created thread # 1
Created thread # 2
Starting to map file # 0
mate 1:   data/short_reads/UHR_Rep1_chr22.R1.fastq.gz
mate 2:   data/short_reads/UHR_Rep1_chr22.R2.fastq.gz
Created thread # 3
Thread #3 end of input stream, nextChar=-1
Completed: thread #1
Completed: thread #2
Completed: thread #3
Completed: thread #0
Joined thread # 1
Joined thread # 2
Joined thread # 3
Jan 29 13:56:39   Loaded database junctions from the 1st pass file: example/sqanti3_qc_isoforms/STAR_mapping/UHR_Rep1_chr22_STARpass1//SJ.out.tab: 3579 total junctions

Jan 29 13:56:39   Finished preparing junctions
Jan 29 13:56:39 ..... inserting junctions into the genome indices
Jan 29 13:56:43   Finished SA search: number of new junctions=3579, old junctions=0
Jan 29 13:56:44   Finished sorting SA indicesL nInd=1431600
Genome size with junctions=51575315  50855936   719379
GstrandBit1=32   GstrandBit=32
Jan 29 13:56:45   Finished inserting junction indices
Jan 29 13:56:52   Finished SAi
Jan 29 13:56:52 ..... finished inserting junctions into genome

   Input read files for mate 1 :
-rwxrwxr-x 1 pabloati pabloati 13750037 abr 30  2025 data/short_reads/UHR_Rep1_chr22.R1.fastq.gz

   readsCommandsFile:
exec > "example/sqanti3_qc_isoforms/STAR_mapping/UHR_Rep1_chr22_STARtmp/tmp.fifo.read1"
echo FILE 0
zcat      "data/short_reads/UHR_Rep1_chr22.R1.fastq.gz"


   Input read files for mate 2 :
-rwxrwxr-x 1 pabloati pabloati 14774508 abr 30  2025 data/short_reads/UHR_Rep1_chr22.R2.fastq.gz

   readsCommandsFile:
exec > "example/sqanti3_qc_isoforms/STAR_mapping/UHR_Rep1_chr22_STARtmp/tmp.fifo.read2"
echo FILE 0
zcat      "data/short_reads/UHR_Rep1_chr22.R2.fastq.gz"

Opening the file: example/sqanti3_qc_isoforms/STAR_mapping/UHR_Rep1_chr22_STARtmp//FilterBySJoutFiles.mate1.thread0 ... ok
Opening the file: example/sqanti3_qc_isoforms/STAR_mapping/UHR_Rep1_chr22_STARtmp//FilterBySJoutFiles.mate2.thread0 ... ok
Opening the file: example/sqanti3_qc_isoforms/STAR_mapping/UHR_Rep1_chr22_STARtmp//FilterBySJoutFiles.mate1.thread1 ... ok
Opening the file: example/sqanti3_qc_isoforms/STAR_mapping/UHR_Rep1_chr22_STARtmp//FilterBySJoutFiles.mate2.thread1 ... ok
Opening the file: example/sqanti3_qc_isoforms/STAR_mapping/UHR_Rep1_chr22_STARtmp//FilterBySJoutFiles.mate1.thread2 ... ok
Opening the file: example/sqanti3_qc_isoforms/STAR_mapping/UHR_Rep1_chr22_STARtmp//FilterBySJoutFiles.mate2.thread2 ... ok
Opening the file: example/sqanti3_qc_isoforms/STAR_mapping/UHR_Rep1_chr22_STARtmp//FilterBySJoutFiles.mate1.thread3 ... ok
Opening the file: example/sqanti3_qc_isoforms/STAR_mapping/UHR_Rep1_chr22_STARtmp//FilterBySJoutFiles.mate2.thread3 ... ok
Created thread # 1
Created thread # 2
Starting to map file # 0
mate 1:   data/short_reads/UHR_Rep1_chr22.R1.fastq.gz
mate 2:   data/short_reads/UHR_Rep1_chr22.R2.fastq.gz
Created thread # 3
Thread #0 end of input stream, nextChar=-1
Completed: thread #1
Completed: thread #2
Completed: thread #0
Joined thread # 1
Joined thread # 2
Completed: thread #3
Joined thread # 3
Completed stage 1 mapping of outFilterBySJout mapping
Detected 10 novel junctions that passed filtering, will proceed to filter reads that contained unannotated junctions
Created thread # 1
Created thread # 2
Created thread # 3
BAM sorting: 0 mapped reads
BAM sorting bins genomic start loci:
1	24505	1512262757
2	24505	1512262757
3	24505	1512262757
4	24505	1512262757
5	24505	1512262757
6	24505	1512262757
7	24505	1512262757
8	24505	1512262757
9	24505	1512262757
10	24505	1512262757
11	24505	1512262757
12	24505	1512262757
13	24505	1512262757
14	24505	1512262757
15	24505	1512262757
16	24505	1512262757
17	24505	1512262757
18	24505	1512262757
19	24505	1512262757
20	24505	1512262757
21	24505	1512262757
22	24505	1512262757
23	24505	1512262757
24	24505	1512262757
25	24505	1512262757
26	24505	1512262757
27	24505	1512262757
28	24505	1512262757
29	24505	1512262757
30	24505	1512262757
31	24505	1512262757
32	24505	1512262757
33	24505	1512262757
34	24505	1512262757
35	24505	1512262757
36	24505	1512262757
37	24505	1512262757
38	24505	1512262757
39	24505	1512262757
40	24505	1512262757
41	24505	1512262757
42	24505	1512262757
43	24505	1512262757
44	24505	1512262757
45	24505	1512262757
46	24505	1512262757
47	24505	1512262757
48	24505	1512262757
Completed: thread #0
Completed: thread #3
Completed: thread #2
Completed: thread #1
Joined thread # 1
Joined thread # 2
Joined thread # 3
Jan 29 13:57:36 ..... finished mapping
RAM after mapping:
VmPeak:	 5156524 kB; VmSize:	 5060820 kB; VmHWM:	 3246116 kB; VmRSS:	 3194140 kB; 
RAM after freeing genome index memory:
VmPeak:	 5156524 kB; VmSize:	 1350804 kB; VmHWM:	 3246116 kB; VmRSS:	  977832 kB; 
Jan 29 13:57:36 ..... started sorting BAM
Max memory needed for sorting = 67039860
ALL DONE!
