STAR version=2.7.11b
STAR compilation time,server,dir=2024-11-25T09:14:51+0000 :/opt/conda/conda-bld/star_1732525954305/work/source
##### Command Line:
/home/pabloati/miniforge3/envs/sqanti3/bin/STAR-avx2 --runThreadN 4 --runMode genomeGenerate --genomeDir example/QC_reference/STAR_index/ --genomeFastaFiles data/reference/GRCh38.p13_chr22.fasta --outTmpDir example/QC_reference/STAR_index//_STARtmp/
##### Initial USER parameters from Command Line:
outTmpDir                         example/QC_reference/STAR_index//_STARtmp/
###### All USER parameters from Command Line:
runThreadN                    4     ~RE-DEFINED
runMode                       genomeGenerate        ~RE-DEFINED
genomeDir                     example/QC_reference/STAR_index/     ~RE-DEFINED
genomeFastaFiles              data/reference/GRCh38.p13_chr22.fasta        ~RE-DEFINED
outTmpDir                     example/QC_reference/STAR_index//_STARtmp/     ~RE-DEFINED
##### Finished reading parameters from all sources

##### Final user re-defined parameters-----------------:
runMode                           genomeGenerate   
runThreadN                        4
genomeDir                         example/QC_reference/STAR_index/
genomeFastaFiles                  data/reference/GRCh38.p13_chr22.fasta   
outTmpDir                         example/QC_reference/STAR_index//_STARtmp/

-------------------------------
##### Final effective command line:
/home/pabloati/miniforge3/envs/sqanti3/bin/STAR-avx2   --runMode genomeGenerate      --runThreadN 4   --genomeDir example/QC_reference/STAR_index/   --genomeFastaFiles data/reference/GRCh38.p13_chr22.fasta      --outTmpDir example/QC_reference/STAR_index//_STARtmp/
----------------------------------------

Number of fastq files for each mate = 1
ParametersSolo: --soloCellFilterType CellRanger2.2 filtering parameters:  3000 0.99 10
Finished loading and checking parameters
--genomeDir directory exists and will be overwritten: example/QC_reference/STAR_index/
Jan 29 15:13:34 ... starting to generate Genome files
data/reference/GRCh38.p13_chr22.fasta : chr # 0  "chr22" chrStart: 0
Chromosome sequence lengths: 
chr22	50818468
Genome sequence total length = 50818468
Genome size with padding = 50855936
!!!!! WARNING: --genomeSAindexNbases 14 is too large for the genome size=50818468, which may cause seg-fault at the mapping step. Re-run genome generation with recommended --genomeSAindexNbases 11
Estimated genome size with padding and SJs: total=genome+SJ=251855936 = 50855936 + 201000000
GstrandBit=32
Number of SA indices: 78319554
Jan 29 15:13:35 ... starting to sort Suffix Array. This may take a long time...
Number of chunks: 4;   chunks size limit: 208852144 bytes
Jan 29 15:13:35 ... sorting Suffix Array chunks and saving them to disk...
Writing 208178008 bytes into example/QC_reference/STAR_index//SA_0 ; empty space on disk = 20146372608 bytes ... done
Writing 206604960 bytes into example/QC_reference/STAR_index//SA_1 ; empty space on disk = 19937214464 bytes ... done
Writing 203895040 bytes into example/QC_reference/STAR_index//SA_2 ; empty space on disk = 19730546688 bytes ... done
Writing 7878424 bytes into example/QC_reference/STAR_index//SA_3 ; empty space on disk = 19526647808 bytes ... done
Jan 29 15:14:13 ... loading chunks from disk, packing SA...
Jan 29 15:14:14 ... finished generating suffix array
Jan 29 15:14:14 ... generating Suffix Array index
Jan 29 15:14:29 ... completed Suffix Array index
Jan 29 15:14:29 ... writing Genome to disk ...
Writing 50855936 bytes into example/QC_reference/STAR_index//Genome ; empty space on disk = 20145291264 bytes ... done
SA size in bytes: 323068164
Jan 29 15:14:29 ... writing Suffix Array to disk ...
Writing 323068164 bytes into example/QC_reference/STAR_index//SA ; empty space on disk = 20094435328 bytes ... done
Jan 29 15:14:29 ... writing SAindex to disk
Writing 8 bytes into example/QC_reference/STAR_index//SAindex ; empty space on disk = 19771363328 bytes ... done
Writing 120 bytes into example/QC_reference/STAR_index//SAindex ; empty space on disk = 19771363328 bytes ... done
Writing 1565873491 bytes into example/QC_reference/STAR_index//SAindex ; empty space on disk = 19771359232 bytes ... done
Jan 29 15:14:30 ..... finished successfully
DONE: Genome generation, EXITING
