[INFO:2026-02-03 13:14:57,588] Write arguments to /home/pabloati/Programs/SQANTI_examples/example/tusco_human/isoforms.qc_params.txt...
[INFO:2026-02-03 13:14:57,589] Initialising QC pipeline.
[INFO:2026-02-03 13:14:57,589] Parsing provided files
[INFO:2026-02-03 13:14:57,589] Reading genome fasta data/tusco/tusco_genome.fa
[INFO:2026-02-03 13:14:57,633] **** Correcting sequences
[INFO:2026-02-03 13:14:57,633] Correcting fasta
[INFO:2026-02-03 13:14:57,633] Skipping aligning of sequences because GTF file was provided.
[INFO:2026-02-03 13:14:57,634] Indels will be not calculated since you ran SQANTI3 without alignment step (SQANTI3 with gtf format as transcriptome input).
[INFO:2026-02-03 13:14:57,652] **** Predicting ORF sequences...
[WARNING:2026-02-03 13:14:57,653] Skipping ORF prediction because user requested it. All isoforms will be non-coding!
[WARNING:2026-02-03 13:14:57,653] All input isoforms were predicted as non-coding
[INFO:2026-02-03 13:14:57,653] **** Parsing Reference Transcriptome....
[INFO:2026-02-03 13:14:57,779] **** Parsing Isoforms.
[INFO:2026-02-03 13:14:57,782] No short-reads or coverage provided. Skipping short-read coverage calculation.
[INFO:2026-02-03 13:14:57,782] TSS ratio will not be calculated since SR information was not provided
[INFO:2026-02-03 13:14:57,782] **** Performing Classification of Isoforms
[INFO:2026-02-03 13:14:57,817] Number of classified isoforms: 43
[INFO:2026-02-03 13:14:57,817] After classify fsm: 43
[INFO:2026-02-03 13:14:57,817] Full-length read abundance files not provided.
[INFO:2026-02-03 13:14:57,818] RT-switching computation
[INFO:2026-02-03 13:14:57,822] After RTS classificaion: 43
[INFO:2026-02-03 13:14:57,822] Isoforms expression files not provided.
[INFO:2026-02-03 13:14:57,822] Writing output files
[INFO:2026-02-03 13:14:57,826] **** Generating SQANTI3 report.
[INFO:2026-02-03 13:15:10,403] Generating TUSCO report....
[INFO:2026-02-03 13:15:10,403] Using TUSCO TSV reference: /home/pabloati/Programs/sqanti3/src/utilities/report_qc/tusco_human.tsv
[INFO:2026-02-03 13:16:55,967] Removing temporary files.
[INFO:2026-02-03 13:16:55,967] SQANTI3 complete in 118.3777690710267 sec.
